08-21 02:00:03.769 31628 31628 D ViewRootImplStubImpl: , surfaceView:io.flutter.embedding.android.FlutterSurfaceView{33cfb3f V.E...... ......ID 0,0-1220,2712}, SurfaceView[com.vinayak.smartload/com.vinayak.smartload.MainActivity]
08-21 02:00:16.314 31628 31628 D ViewRootImplStubImpl: , surfaceView:io.flutter.embedding.android.FlutterSurfaceView{33cfb3f V.E...... ........ 0,0-1220,2712}, SurfaceView[com.vinayak.smartload/com.vinayak.smartload.MainActivity]
08-21 02:00:17.399 31628 31628 D ViewRootImplStubImpl: , surfaceView:io.flutter.embedding.android.FlutterSurfaceView{33cfb3f V.E...... ......ID 0,0-1220,2712}, SurfaceView[com.vinayak.smartload/com.vinayak.smartload.MainActivity]
08-21 02:01:27.825 31628 31628 D ViewRootImplStubImpl: , surfaceView:io.flutter.embedding.android.FlutterSurfaceView{33cfb3f V.E...... ........ 0,0-1220,2712}, SurfaceView[com.vinayak.smartload/com.vinayak.smartload.MainActivity]
08-21 02:01:53.340  8397  8397 D ViewRootImplStubImpl: , surfaceView:io.flutter.embedding.android.FlutterSurfaceView{b09b5e V.E...... ......ID 0,0-2712,1220}, SurfaceView[com.vinayak.smartload/com.vinayak.smartload.MainActivity]
08-21 02:02:42.733  8397  8397 D ViewRootImplStubImpl: , surfaceView:io.flutter.embedding.android.FlutterSurfaceView{b09b5e V.E...... ........ 0,0-1220,2712}, SurfaceView[com.vinayak.smartload/com.vinayak.smartload.MainActivity]
08-21 06:03:42.671  2580  2860 I ActivityManager: Start proc 10052:com.vrindavan_ras_mahima/u0a334 for broadcast {com.vrindavan_ras_mahima/io.flutter.plugins.firebase.messaging.FlutterFirebaseMessagingReceiver} caller=com.google.android.gms
08-21 06:03:42.994  2580  4266 D PowerManagerService: [xiaomi_power]acquireWakeLockInternal: lock=136384638, flags=0x1, tag="io.flutter.plugins.firebase.messaging.FlutterFirebaseMessagingBackgroundService:launch", ws=null, uid=10334, pid=10052
08-21 06:03:43.002  2580 12088 D PowerManagerService: [xiaomi_power]acquireWakeLockInternal: lock=201808117, flags=0x1, tag="io.flutter.plugins.firebase.messaging.FlutterFirebaseMessagingBackgroundService:run", ws=null, uid=10334, pid=10052
08-21 06:03:43.009  2580  4266 D PowerManagerService: [xiaomi_power]releaseWakeLockInternal: lock=201808117 [io.flutter.plugins.firebase.messaging.FlutterFirebaseMessagingBackgroundService:run], flags=0x0
08-21 06:04:02.694  2580  3654 I PowerManagerServiceImpl: Partial wakeLock:[PARTIAL_WAKE_LOCK                 'io.flutter.plugins.firebase.messaging.FlutterFirebaseMessagingBackgroundService:launch' ACQ=-19s700ms (uid=10334 pid=10052 pkg=com.vrindavan_ras_mahima)], disabled: true, procState: 19, reason: greeze
08-21 06:04:24.477  2580  3165 I PowerManagerServiceImpl: Partial wakeLock:[PARTIAL_WAKE_LOCK                 'io.flutter.plugins.firebase.messaging.FlutterFirebaseMessagingBackgroundService:launch' DISABLED (uid=10334 pid=10052 pkg=com.vrindavan_ras_mahima)], disabled: false, procState: 19, reason: Process Priority
08-21 06:04:24.513  2580  3165 I PowerManagerServiceImpl: Partial wakeLock:[PARTIAL_WAKE_LOCK                 'io.flutter.plugins.firebase.messaging.FlutterFirebaseMessagingBackgroundService:launch' DISABLED (uid=10334 pid=10052 pkg=com.vrindavan_ras_mahima)], disabled: false, procState: 19, reason: Process Priority
08-21 06:04:54.604  2580  3165 I PowerManagerServiceImpl: Partial wakeLock:[PARTIAL_WAKE_LOCK                 'io.flutter.plugins.firebase.messaging.FlutterFirebaseMessagingBackgroundService:launch' DISABLED (uid=10334 pid=10052 pkg=com.vrindavan_ras_mahima)], disabled: false, procState: 19, reason: Process Priority
08-21 06:04:54.653  2580  3165 I PowerManagerServiceImpl: Partial wakeLock:[PARTIAL_WAKE_LOCK                 'io.flutter.plugins.firebase.messaging.FlutterFirebaseMessagingBackgroundService:launch' DISABLED (uid=10334 pid=10052 pkg=com.vrindavan_ras_mahima)], disabled: false, procState: 19, reason: Process Priority
08-21 07:38:45.113  8397  8397 D ViewRootImplStubImpl: , surfaceView:io.flutter.embedding.android.FlutterSurfaceView{b09b5e V.E...... ......ID 0,0-1220,2712}, SurfaceView[com.vinayak.smartload/com.vinayak.smartload.MainActivity]
08-21 07:38:49.022  8397  8397 D ViewRootImplStubImpl: , surfaceView:io.flutter.embedding.android.FlutterSurfaceView{b09b5e V.E...... ........ 0,0-1220,2712}, SurfaceView[com.vinayak.smartload/com.vinayak.smartload.MainActivity]
08-21 07:44:49.547 18289 18289 D ViewRootImplStubImpl: , surfaceView:io.flutter.embedding.android.FlutterSurfaceView{b09b5e V.E...... ......ID 0,0-1220,2712}, SurfaceView[com.vinayak.smartload/com.vinayak.smartload.MainActivity]
08-21 07:55:26.914 18289 18289 D ViewRootImplStubImpl: , surfaceView:io.flutter.embedding.android.FlutterSurfaceView{b09b5e V.E...... ........ 0,0-1220,2712}, SurfaceView[com.vinayak.smartload/com.vinayak.smartload.MainActivity]
08-21 07:57:27.254 18289 18289 D ViewRootImplStubImpl: , surfaceView:io.flutter.embedding.android.FlutterSurfaceView{b09b5e V.E...... ......ID 0,0-1220,2712}, SurfaceView[com.vinayak.smartload/com.vinayak.smartload.MainActivity]
08-21 08:02:40.339 18289 18289 D ViewRootImplStubImpl: , surfaceView:io.flutter.embedding.android.FlutterSurfaceView{b09b5e V.E...... ........ 0,0-1220,2712}, SurfaceView[com.vinayak.smartload/com.vinayak.smartload.MainActivity]
08-21 08:02:42.231 18289 18289 D ViewRootImplStubImpl: , surfaceView:io.flutter.embedding.android.FlutterSurfaceView{b09b5e V.E...... ......ID 0,0-1220,2712}, SurfaceView[com.vinayak.smartload/com.vinayak.smartload.MainActivity]
08-21 08:02:53.760  8304  8304 D MiShareManager: mFilesToMiShare: content://com.vinayak.smartload.flutter.share_provider/cache/SmartLoad_Truck_Loading_Report_AS_01_KC_4821_2026-08-21_08-02-53.pdf
08-21 08:02:55.052  8304  8304 I ChooserActivityStubImpl: transforToGallery: action= android.intent.action.SEND uri= content://com.vinayak.smartload.flutter.share_provider/cache/SmartLoad_Truck_Loading_Report_AS_01_KC_4821_2026-08-21_08-02-53.pdf
08-21 08:02:55.996 18289 18289 D ViewRootImplStubImpl: , surfaceView:io.flutter.embedding.android.FlutterSurfaceView{b09b5e V.E...... ........ 0,0-1220,2712}, SurfaceView[com.vinayak.smartload/com.vinayak.smartload.MainActivity]
08-21 08:03:07.495 18289 18289 D ViewRootImplStubImpl: , surfaceView:io.flutter.embedding.android.FlutterSurfaceView{b09b5e V.E...... ......ID 0,0-1220,2712}, SurfaceView[com.vinayak.smartload/com.vinayak.smartload.MainActivity]
08-21 08:04:28.570 22012 26470 D nativeloader: Load /data/app/~~STy568e3jf7pkw7kTwsjQQ==/com.vinayak.smartload-PkaDCiAmk5zAdYBxFf1Z5A==/base.apk!/lib/arm64-v8a/libflutter.so using class loader ns clns-10 (caller=/data/app/~~STy568e3jf7pkw7kTwsjQQ==/com.vinayak.smartload-PkaDCiAmk5zAdYBxFf1Z5A==/base.apk): ok
08-21 08:04:28.691 22012 26472 I flutter : [IMPORTANT:flutter/shell/platform/android/android_context_vk_impeller.cc(62)] Using the Impeller rendering backend (Vulkan).
08-21 08:04:28.766 22012 22012 D ViewRootImplStubImpl: , surfaceView:io.flutter.embedding.android.FlutterSurfaceView{b09b5e V.E...... ......ID 0,0-1220,2712}, SurfaceView[com.vinayak.smartload/com.vinayak.smartload.MainActivity]
08-21 08:04:29.743 22012 26481 I FlutterSecureStorage: Detected non-biometric migration: FROM=com.it_nomads.fluttersecurestorage.ciphers.KeyCipherImplementationRSA18@346d92, TO=AES_GCM_NoPadding
